14:22:59 **** Incremental Build of configuration Debug for project is1300ProjectLaptop ****
make -j4 all 
arm-none-eabi-gcc "../Core/Src/traffic.c" -mcpu=cortex-m4 -std=gnu11 -g3 -DDEBUG -DUSE_HAL_DRIVER -DSTM32L476xx -c -I../Core/Inc -I../Drivers/STM32L4xx_HAL_Driver/Inc -I../Drivers/STM32L4xx_HAL_Driver/Inc/Legacy -I../Drivers/CMSIS/Device/ST/STM32L4xx/Include -I../Drivers/CMSIS/Include -O0 -ffunction-sections -fdata-sections -Wall -fstack-usage -fcyclomatic-complexity -MMD -MP -MF"Core/Src/traffic.d" -MT"Core/Src/traffic.o" --specs=nano.specs -mfpu=fpv4-sp-d16 -mfloat-abi=hard -mthumb -o "Core/Src/traffic.o"
arm-none-eabi-gcc -o "is1300ProjectLaptop.elf" @"objects.list"   -mcpu=cortex-m4 -T"/home/viktorb/STM32CubeIDE/project/is1300ProjectLaptop/STM32L476RGTX_FLASH.ld" --specs=nosys.specs -Wl,-Map="is1300ProjectLaptop.map" -Wl,--gc-sections -static --specs=nano.specs -mfpu=fpv4-sp-d16 -mfloat-abi=hard -mthumb -Wl,--start-group -lc -lm -Wl,--end-group
Finished building target: is1300ProjectLaptop.elf
 
arm-none-eabi-size  is1300ProjectLaptop.elf 
arm-none-eabi-objdump -h -S is1300ProjectLaptop.elf  > "is1300ProjectLaptop.list"
   text	   data	    bss	    dec	    hex	filename
  15596	     28	   1908	  17532	   447c	is1300ProjectLaptop.elf
Finished building: default.size.stdout
 
Finished building: is1300ProjectLaptop.list
 

14:23:01 Build Finished. 0 errors, 0 warnings. (took 1s.178ms)

